[Status]: Memory manager initialized: log/char-server.leaks

                                                                      
                 Hercules Development Team presents                   
                _   _                     _                           
               | | | |                   | |                          
               | |_| | ___ _ __ ___ _   _| | ___  ___                 
               |  _  |/ _ \ '__/ __| | | | |/ _ \/ __|                
               | | | |  __/ | | (__| |_| | |  __/\__ \                
               \_| |_/\___|_|  \___|\__,_|_|\___||___/                
                                                                      
                      http://herc.ws/board/                           
                                                                      
[Info]: Hercules 64-bit for Linux
[Info]: Build revision: '202604000'
[Info]: Git revision (src): '1d07ca6a2b57fbd68c973b5224e4efcb7589818b'
[Info]: Git revision (scripts): '(null)'
[Info]: OS version: 'Ubuntu 24.04.4 LTS [x86_64]'
[Info]: CPU: '13th Gen Intel(R) Core(TM) i7-1355U [12]'
[Info]: Compiled with GCC v13.3.0, zlib: 1.3
[Info]: Compile Flags: -g -O2 -std=c11 -pipe -ffast-math -fno-finite-math-only -Wall -Wextra -Wno-sign-compare -fsigned-char -fcf-protection=none -Wno-unused-parameter -Wno-clobbered -Wempty-body -Wint-conversion -Winit-self -Wpointer-arith -Wswitch-bool -Wenum-conversion -Wformat-security -Wformat -Wformat-signedness -Wformat-y2k -Wformat-overflow=2 -Wformat-diag -Wsuggest-attribute=noreturn -Wsuggest-attribute=format -Wundef -Wnested-externs -Wold-style-definition -Woverlength-strings -Wredundant-decls -Wmisleading-indentation -Wnull-dereference -Wvla -Wvla-parameter -Wswitch-enum -Wmismatched-dealloc -Wsizeof-array-div -Wstringop-overflow=4 -Wstringop-overread -Wstring-compare -Wzero-length-bounds -Wabsolute-value -Wshift-overflow=2 -Wenum-int-mismatch -Wno-switch -Wno-missing-field-initializers -Wno-discarded-qualifiers -Wno-unused-but-set-variable -Wshadow -fno-strict-aliasing -g -fno-omit-frame-pointer -funwind-tables -fno-var-tracking -DHAVE_EXECINFO -DUSE_HTTP_PARSER -DHTTP_PARSER_INCLUDE= -I../common -DHAS_TLS -DHAVE_SETRLIMIT -DHAVE_STRNLEN -DDEBUG -DHAVE_LIBBACKTRACE -DHAVE_MONOTONIC_CLOCK
[Info]: Feature Flags: 0x0
[Info]: Timer Function Type: monotonic clock
[Info]: Packet version: 20190605 main
[Info]: Found clock sources: 'tsc hyperv_clocksource_tsc_page hyperv_clocksource_msr acpi_pm '
[Info]: Using optimal clock source: 'tsc'
[Info]: Server uses 'select' as event dispatcher
[Info]: Server supports up to '1024' concurrent connections.
[Info]: map_index file db/map_index.txt
[Info]: Done reading conf/common/map-index.conf.
[Info]: server name Hercules
[Status]: Login server IP address : 0.0.0.0 -> 127.0.0.1
[Status]: Character server IP address : 0.0.0.0 -> 127.0.0.1
[Info]: Done reading conf/char/char-server.conf.
[Info]: Done reading conf/import/char-server.conf.
[Status]: Read information about 1 LAN subnets.
[Status]: Read information about 1 trusted IP ranges.
[Status]: Read information about 1 allowed server IP ranges.
[Warning]: Using a wildcard IP range in the allowed server IPs is NOT RECOMMENDED.
[Notice]: Please edit your 'conf/network.conf' allowed list to fit your network configuration.
[Info]: Done reading conf/common/inter-server.conf.
[Warning]: Using the default user/password s1/p1 is NOT RECOMMENDED.
[Notice]: Please edit your 'login' table to create a proper inter-server user/password (gender 'S')
[Notice]: And then change the user/password to use in conf/char/char-server.conf (or conf/import/char-server.conf)
[Info]: Done reading conf/common/inter-server.conf.
[Info]: Done reading conf/import/inter-server.conf.
WARNING: MYSQL_OPT_RECONNECT is deprecated and will be removed in a future version.
[Info]: Connect Character DB server.... (Character Server)
[Status]: Done reading '50' entries in 'db/re/exp_guild.txt'.
[Status]: Finished Reading GeoIP Database.
[Info]: Hercules, Copyright (C) 2012-2025, Hercules Dev Team and others.
[Info]: Licensed under the GNU General Public License, version 3 or later.
[Status]: The char-server is ready (Server is listening on the port 6121).

[Info]: Attempt to connect to login-server...
[Status]: Connecting to 127.0.0.1:6900
[Status]: Connected to login-server (connection #7).
[Status]: Awaiting maps from map-server.
[Status]: Map-Server connected: 1156 maps, from IP 127.0.0.1 port 5121.
[Status]: Map-server loading complete.
[Info]: Loaded guild castle (1 - guild 0)
[Info]: Loaded guild castle (2 - guild 0)
[Info]: Loaded guild castle (3 - guild 0)
[Info]: Loaded guild castle (4 - guild 0)
[Info]: Loaded guild castle (5 - guild 0)
[Info]: Loaded guild castle (6 - guild 0)
[Info]: Loaded guild castle (7 - guild 0)
[Info]: Loaded guild castle (8 - guild 0)
[Info]: Loaded guild castle (9 - guild 0)
[Info]: Loaded guild castle (10 - guild 0)
[Info]: Loaded guild castle (11 - guild 0)
[Info]: Loaded guild castle (12 - guild 0)
[Info]: Loaded guild castle (13 - guild 0)
[Info]: Loaded guild castle (14 - guild 0)
[Info]: Loaded guild castle (15 - guild 0)
[Info]: Loaded guild castle (16 - guild 0)
[Info]: Loaded guild castle (17 - guild 0)
[Info]: Loaded guild castle (18 - guild 0)
[Info]: Loaded guild castle (19 - guild 0)
[Info]: Loaded guild castle (20 - guild 0)
[Info]: Loaded guild castle (21 - guild 0)
[Info]: Loaded guild castle (22 - guild 0)
[Info]: Loaded guild castle (23 - guild 0)
[Info]: Loaded guild castle (24 - guild 0)
[Info]: Loaded guild castle (25 - guild 0)
[Info]: Loaded guild castle (26 - guild 0)
[Info]: Loaded guild castle (27 - guild 0)
[Info]: Loaded guild castle (28 - guild 0)
[Info]: Loaded guild castle (29 - guild 0)
[Info]: Loaded guild castle (30 - guild 0)
[Info]: Loaded guild castle (31 - guild 0)
[Info]: Loaded guild castle (32 - guild 0)
[Info]: Loaded guild castle (33 - guild 0)
[Info]: Loaded guild castle (34 - guild 0)
